// Vitest Snapshot v1, https://vitest.dev/guide/snapshot.html

exports[`initial snapshot 1`] = `
"<aside class="absolute top-0 right-0 text-sm w-64">
  <div class="bg-amber-700 text-black p-1 text-sm text-center"> This is WIP. <a href="#" class="underline"><span>Learn more</span>
      <!--v-if-->
    </a></div>
  <!--v-if-->
</aside>
<main class="max-w-5xl mx-auto px-3 pt-10">
  <section class="text-center mb-14">
    <h1 class="antialiased tracking-wide text-5xl font-thin text-center text-gray-100 mb-8"> Exploring <span class="border-b-2 border-orange-700 pb-1">sprintf</span></h1>
    <p> Learn the power and potential of <code class="text-gray-300">sprintf()</code> in the browser! </p>
  </section>
  <section class="grid grid-cols-2 space-x-12">
    <div>
      <fieldset class="mb-6">
        <legend class="text-gray-400 font-medium mb-2"> Format string for <code>sprintf()</code></legend><textarea class="w-full bg-slate-800 focus:bg-slate-950 border focus:outline-none p-2 placeholder:text-slate-500 text-gray-50 border-slate-700" placeholder="Enter your format string" rows="1"></textarea>
        <div class="text-sm transition-opacity opacity-80 hover:opacity-100"> Need an example? <a href="#" class="underline underline-offset-2 text-gray-400">Try this</a></div>
      </fieldset>
      <!--v-if-->
    </div>
    <div>
      <div class="text-gray-400 font-medium mb-2"> Formatted result </div>
      <div class="bg-slate-950 p-2 drop-shadow"><span class="uppercase text-sm bg-slate-800 px-1 py-0.5 rounded-sm">None</span></div>
    </div>
  </section>
</main>"
`;
